// Jest Snapshot v1, https://goo.gl/fbAQLP

exports[`CheckOption creates snapshot 1`] = `
<DocumentFragment>
  <div
    class="d-flex flex-row align-items-center my-1"
  >
    <div
      class="btn-group me-2 me-sm-4 btns"
      role="group"
    >
      <div
        class="d-none d-md-flex"
      >
        <div
          class="d-none d-md-block position-relative undefined"
        >
          <div
            class="cursorDefault"
            data-testid="elementWithTooltip"
          >
            <button
              aria-label="Select Artifact Hub badge as passed"
              class="btn rounded-0 border p-0 btn passingBtn"
              type="button"
            >
              <div
                class="d-flex align-items-center justify-content-center"
              >
                <svg
                  fill="currentColor"
                  height="1em"
                  stroke="currentColor"
                  stroke-width="0"
                  viewBox="0 0 12 16"
                  width="1em"
                  xmlns="http://www.w3.org/2000/svg"
                >
                  <path
                    d="M12 5l-8 8-4-4 1.5-1.5L4 10l6.5-6.5L12 5z"
                    fill-rule="evenodd"
                  />
                </svg>
              </div>
            </button>
          </div>
        </div>
        <div
          class="d-none d-md-block position-relative undefined"
        >
          <div
            class="cursorDefault"
            data-testid="elementWithTooltip"
          >
            <button
              aria-label="Select Artifact Hub badge as not passed"
              class="btn rounded-0 border p-0 btn"
              type="button"
            >
              <div
                class="d-flex align-items-center justify-content-center"
              >
                <svg
                  fill="currentColor"
                  height="1em"
                  stroke="currentColor"
                  stroke-width="0"
                  viewBox="0 0 12 16"
                  width="1em"
                  xmlns="http://www.w3.org/2000/svg"
                >
                  <path
                    d="M7.48 8l3.75 3.75-1.48 1.48L6 9.48l-3.75 3.75-1.48-1.48L4.52 8 .77 4.25l1.48-1.48L6 6.52l3.75-3.75 1.48 1.48L7.48 8z"
                    fill-rule="evenodd"
                  />
                </svg>
              </div>
            </button>
          </div>
        </div>
      </div>
      <div
        class="d-flex d-md-none"
      >
        <button
          aria-label="Select Artifact Hub badge as passed"
          class="btn rounded-0 border p-0 btn passingBtn"
          type="button"
        >
          <div
            class="d-flex align-items-center justify-content-center"
          >
            <svg
              fill="currentColor"
              height="1em"
              stroke="currentColor"
              stroke-width="0"
              viewBox="0 0 12 16"
              width="1em"
              xmlns="http://www.w3.org/2000/svg"
            >
              <path
                d="M12 5l-8 8-4-4 1.5-1.5L4 10l6.5-6.5L12 5z"
                fill-rule="evenodd"
              />
            </svg>
          </div>
        </button>
        <button
          aria-label="Select Artifact Hub badge as not passed"
          class="btn rounded-0 border p-0 btn"
          type="button"
        >
          <div
            class="d-flex align-items-center justify-content-center"
          >
            <svg
              fill="currentColor"
              height="1em"
              stroke="currentColor"
              stroke-width="0"
              viewBox="0 0 12 16"
              width="1em"
              xmlns="http://www.w3.org/2000/svg"
            >
              <path
                d="M7.48 8l3.75 3.75-1.48 1.48L6 9.48l-3.75 3.75-1.48-1.48L4.52 8 .77 4.25l1.48-1.48L6 6.52l3.75-3.75 1.48 1.48L7.48 8z"
                fill-rule="evenodd"
              />
            </svg>
          </div>
        </button>
      </div>
    </div>
    <small
      class="me-1 me-md-2 position-relative"
    >
      <svg
        fill="none"
        height="1em"
        stroke="currentColor"
        stroke-linecap="round"
        stroke-linejoin="round"
        stroke-width="2"
        viewBox="0 0 24 24"
        width="1em"
        xmlns="http://www.w3.org/2000/svg"
      >
        <path
          d="M21 16V8a2 2 0 0 0-1-1.73l-7-4a2 2 0 0 0-2 0l-7 4A2 2 0 0 0 3 8v8a2 2 0 0 0 1 1.73l7 4a2 2 0 0 0 2 0l7-4A2 2 0 0 0 21 16z"
        />
      </svg>
    </small>
    <div
      class="me-0 me-sm-2 text-truncate flex-grow-1 label"
    >
      <span
        class="d-none d-sm-block text-truncate"
      >
        Artifact Hub badge
      </span>
      <span
        class="d-block d-sm-none text-truncate"
      >
        Artifact Hub badge
      </span>
    </div>
  </div>
</DocumentFragment>
`;
