// Jest Snapshot v1, https://goo.gl/fbAQLP

exports[`RepositoryDropdown creates snapshot 1`] = `
<DocumentFragment>
  <div
    class="ms-auto position-relative"
  >
    <button
      class="btn btn-sm btn-primary text-white rounded-0 lh-1 btn"
      data-testid="dropdown-btn"
      type="button"
    >
      <svg
        fill="currentColor"
        height="1em"
        stroke="currentColor"
        stroke-width="0"
        viewBox="0 0 12 16"
        width="1em"
        xmlns="http://www.w3.org/2000/svg"
      >
        <path
          d="M11.41 9H.59C0 9 0 8.59 0 8c0-.59 0-1 .59-1H11.4c.59 0 .59.41.59 1 0 .59 0 1-.59 1h.01zm0-4H.59C0 5 0 4.59 0 4c0-.59 0-1 .59-1H11.4c.59 0 .59.41.59 1 0 .59 0 1-.59 1h.01zM.59 11H11.4c.59 0 .59.41.59 1 0 .59 0 1-.59 1H.59C0 13 0 12.59 0 12c0-.59 0-1 .59-1z"
          fill-rule="evenodd"
        />
      </svg>
    </button>
    <ul
      class="dropdown-menu rounded-0 dropdown"
      role="complementary"
    >
      <li>
        <a
          aria-label="Open repository report"
          class="link dropdown-item lightText"
          href="/api/projects/cncf/proj/repo/report.md"
          rel="noopener noreferrer"
          tabindex="-1"
          target="_self"
        >
          <div
            class="d-flex flex-row align-items-baseline"
          >
            <div>
              Get markdown
            </div>
          </div>
        </a>
      </li>
    </ul>
  </div>
</DocumentFragment>
`;
