// Jest Snapshot v1, https://goo.gl/fbAQLP

exports[`Image creates snapshot 1`] = `
<DocumentFragment>
  <img
    alt="image"
    aria-hidden="true"
    src="http://img.url"
  />
</DocumentFragment>
`;
