// Jest Snapshot v1, https://goo.gl/fbAQLP

exports[`NoData creates snapshot 1`] = `
<DocumentFragment>
  <div
    class="alert ms-auto me-auto rounded-0 my-3 my-md-5 text-center p-4 p-sm-5 border border-primary wrapper undefined"
    role="alert"
  >
    <div
      class="h4"
    >
      no data
    </div>
  </div>
</DocumentFragment>
`;
