// Jest Snapshot v1, https://goo.gl/fbAQLP

exports[`ProjectDropdown creates snapshot 1`] = `
<DocumentFragment>
  <div
    class="ms-auto position-relative"
  >
    <button
      class="btn btn-sm btn-primary text-white rounded-0 lh-1 btn"
      data-testid="dropdown-btn"
      type="button"
    >
      <svg
        fill="currentColor"
        height="1em"
        stroke="currentColor"
        stroke-width="0"
        viewBox="0 0 16 16"
        width="1em"
        xmlns="http://www.w3.org/2000/svg"
      >
        <path
          clip-rule="evenodd"
          d="M14 5H2V3h12v2zm0 4H2V7h12v2zM2 13h12v-2H2v2z"
          fill-rule="evenodd"
        />
      </svg>
    </button>
    <ul
      class="dropdown-menu rounded-0 dropdown"
      role="complementary"
    >
      <li>
        <button
          class="dropdown-item"
        >
          Get badge
        </button>
      </li>
      <li>
        <button
          class="dropdown-item"
        >
          Embed report summary
        </button>
      </li>
    </ul>
  </div>
  <div>
    <div
      aria-modal="false"
      class="modal Modal-module_modal__aD7aP"
      role="dialog"
    >
      <div
        class="modal-dialog modal-lg modal-dialog-centered modal-dialog-scrollable"
      >
        <div
          class="modal-content rounded-0 border border-3 mx-auto Modal-module_content__dWO-B"
        >
          <div
            class="modal-header rounded-0 d-flex flex-row align-items-center Modal-module_header__ILG9i"
          >
            <div
              class="modal-title h5 m-2 flex-grow-1"
            >
              Project badge
            </div>
            <button
              aria-label="Close"
              class="btn-close"
              type="button"
            />
          </div>
          <div
            class="modal-body p-4 h-100 d-flex flex-column"
          />
          <div
            class="modal-footer p-3"
          >
            <button
              aria-label="Close modal"
              class="btn btn-sm rounded-0 btn-secondary text-uppercase"
              type="button"
            >
              <div
                class="d-flex flex-row align-items-center"
              >
                <svg
                  class="me-2"
                  fill="currentColor"
                  height="1em"
                  stroke="currentColor"
                  stroke-width="0"
                  viewBox="0 0 24 24"
                  width="1em"
                  xmlns="http://www.w3.org/2000/svg"
                >
                  <path
                    d="M0 0h24v24H0z"
                    fill="none"
                  />
                  <path
                    d="M19 6.41L17.59 5 12 10.59 6.41 5 5 6.41 10.59 12 5 17.59 6.41 19 12 13.41 17.59 19 19 17.59 13.41 12z"
                  />
                </svg>
                <div>
                  Close
                </div>
              </div>
            </button>
          </div>
        </div>
      </div>
    </div>
  </div>
  <div>
    <div
      aria-modal="false"
      class="modal Modal-module_modal__aD7aP"
      role="dialog"
    >
      <div
        class="modal-dialog modal-lg modal-dialog-centered modal-dialog-scrollable"
      >
        <div
          class="modal-content rounded-0 border border-3 mx-auto Modal-module_content__dWO-B"
        >
          <div
            class="modal-header rounded-0 d-flex flex-row align-items-center Modal-module_header__ILG9i"
          >
            <div
              class="modal-title h5 m-2 flex-grow-1"
            >
              Embed report summary
            </div>
            <button
              aria-label="Close"
              class="btn-close"
              type="button"
            />
          </div>
          <div
            class="modal-body p-4 h-100 d-flex flex-column"
          />
          <div
            class="modal-footer p-3"
          >
            <button
              aria-label="Close modal"
              class="btn btn-sm rounded-0 btn-secondary text-uppercase"
              type="button"
            >
              <div
                class="d-flex flex-row align-items-center"
              >
                <svg
                  class="me-2"
                  fill="currentColor"
                  height="1em"
                  stroke="currentColor"
                  stroke-width="0"
                  viewBox="0 0 24 24"
                  width="1em"
                  xmlns="http://www.w3.org/2000/svg"
                >
                  <path
                    d="M0 0h24v24H0z"
                    fill="none"
                  />
                  <path
                    d="M19 6.41L17.59 5 12 10.59 6.41 5 5 6.41 10.59 12 5 17.59 6.41 19 12 13.41 17.59 19 19 17.59 13.41 12z"
                  />
                </svg>
                <div>
                  Close
                </div>
              </div>
            </button>
          </div>
        </div>
      </div>
    </div>
  </div>
</DocumentFragment>
`;
