// Jest Snapshot v1, https://goo.gl/fbAQLP

exports[`QualityDot creates snapshot 1`] = `
<DocumentFragment>
  <div
    class="me-2 border border-1 rounded-pill position-relative quality level1 undefined"
    data-testid="quality-dot"
  />
</DocumentFragment>
`;
