// Jest Snapshot v1, https://goo.gl/fbAQLP

exports[`CategoryBadge creates snapshot 1`] = `
<DocumentFragment>
  <div
    class="badge text-secondary border border-secondary rounded-0 position-relative badge undefined"
    data-testid="category-badge"
  >
    <div
      class="d-flex flex-row align-items-center"
    >
      <svg
        class="me-2"
        fill="currentColor"
        height="1em"
        stroke="currentColor"
        stroke-width="0"
        viewBox="0 0 24 24"
        width="1em"
        xmlns="http://www.w3.org/2000/svg"
      >
        <path
          d="M0 0h24v24H0z"
          fill="none"
        />
        <path
          d="M12 2l-5.5 9h11z"
        />
        <circle
          cx="17.5"
          cy="17.5"
          r="4.5"
        />
        <path
          d="M3 13.5h8v8H3z"
        />
      </svg>
      App definition
    </div>
  </div>
</DocumentFragment>
`;
