// Jest Snapshot v1, https://goo.gl/fbAQLP

exports[`SubNavbar creates snapshot 1`] = `
<DocumentFragment>
  <nav
    class="navbar navbar-expand-sm navbar"
    role="navigation"
  >
    <div
      class="container-lg"
    >
      <div
        data-testid="children"
      >
        Test
      </div>
    </div>
  </nav>
</DocumentFragment>
`;
