// Jest Snapshot v1, https://goo.gl/fbAQLP

exports[`WebsiteSection creates snapshot 1`] = `
<DocumentFragment>
  <div
    class="ms-3"
  >
    <div>
      <div
        class="position-absolute"
      >
        <div>
          <div
            class="dropdown-menu rounded-0 text-wrap dropdown"
            role="complementary"
            style="width: 250px;"
          >
            <div
              class="ps-3 pe-2 pt-1"
            >
              <div
                class="d-flex flex-row align-items-center my-1 link"
              >
                <svg
                  class="me-2 position-relative miniIcon"
                  fill="currentColor"
                  height="1em"
                  stroke="currentColor"
                  stroke-width="0"
                  viewBox="0 0 512 512"
                  width="1em"
                  xmlns="http://www.w3.org/2000/svg"
                >
                  <path
                    d="M256 48C141.13 48 48 141.13 48 256s93.13 208 208 208 208-93.13 208-208S370.87 48 256 48z"
                    fill="none"
                    stroke-miterlimit="10"
                    stroke-width="32"
                  />
                  <path
                    d="M256 48c-58.07 0-112.67 93.13-112.67 208S197.93 464 256 464s112.67-93.13 112.67-208S314.07 48 256 48z"
                    fill="none"
                    stroke-miterlimit="10"
                    stroke-width="32"
                  />
                  <path
                    d="M117.33 117.33c38.24 27.15 86.38 43.34 138.67 43.34s100.43-16.19 138.67-43.34m0 277.34c-38.24-27.15-86.38-43.34-138.67-43.34s-100.43 16.19-138.67 43.34"
                    fill="none"
                    stroke-linecap="round"
                    stroke-linejoin="round"
                    stroke-width="32"
                  />
                  <path
                    d="M256 48v416m208-208H48"
                    fill="none"
                    stroke-miterlimit="10"
                    stroke-width="32"
                  />
                </svg>
                <div
                  class="truncateWrapper"
                >
                  <a
                    aria-label="Website link"
                    class="link d-block text-truncate text-dark link"
                    href="https://cloudevents.io"
                    rel="noopener noreferrer"
                    tabindex="-1"
                    target="_blank"
                  >
                    <div
                      class="d-flex flex-row align-items-baseline"
                    >
                      <div
                        class="text-truncate"
                      >
                        https://cloudevents.io
                      </div>
                      <svg
                        class="ms-2 icon"
                        fill="none"
                        height="1em"
                        stroke="currentColor"
                        stroke-linecap="round"
                        stroke-linejoin="round"
                        stroke-width="2"
                        viewBox="0 0 24 24"
                        width="1em"
                        xmlns="http://www.w3.org/2000/svg"
                      >
                        <path
                          d="M18 13v6a2 2 0 0 1-2 2H5a2 2 0 0 1-2-2V8a2 2 0 0 1 2-2h6"
                        />
                        <polyline
                          points="15 3 21 3 21 9"
                        />
                        <line
                          x1="10"
                          x2="21"
                          y1="14"
                          y2="3"
                        />
                      </svg>
                    </div>
                  </a>
                </div>
              </div>
              <div
                class="d-flex flex-row align-items-center my-1 link"
              >
                <svg
                  class="me-2 position-relative miniIcon"
                  fill="currentColor"
                  height="1em"
                  stroke="currentColor"
                  stroke-width="0"
                  viewBox="0 0 512 512"
                  width="1em"
                  xmlns="http://www.w3.org/2000/svg"
                >
                  <path
                    d="M256 48C141.13 48 48 141.13 48 256s93.13 208 208 208 208-93.13 208-208S370.87 48 256 48z"
                    fill="none"
                    stroke-miterlimit="10"
                    stroke-width="32"
                  />
                  <path
                    d="M256 48c-58.07 0-112.67 93.13-112.67 208S197.93 464 256 464s112.67-93.13 112.67-208S314.07 48 256 48z"
                    fill="none"
                    stroke-miterlimit="10"
                    stroke-width="32"
                  />
                  <path
                    d="M117.33 117.33c38.24 27.15 86.38 43.34 138.67 43.34s100.43-16.19 138.67-43.34m0 277.34c-38.24-27.15-86.38-43.34-138.67-43.34s-100.43 16.19-138.67 43.34"
                    fill="none"
                    stroke-linecap="round"
                    stroke-linejoin="round"
                    stroke-width="32"
                  />
                  <path
                    d="M256 48v416m208-208H48"
                    fill="none"
                    stroke-miterlimit="10"
                    stroke-width="32"
                  />
                </svg>
                <div
                  class="truncateWrapper"
                >
                  <a
                    aria-label="Website link"
                    class="link d-block text-truncate text-dark link"
                    href="https://cloudevents.io/test"
                    rel="noopener noreferrer"
                    tabindex="-1"
                    target="_blank"
                  >
                    <div
                      class="d-flex flex-row align-items-baseline"
                    >
                      <div
                        class="text-truncate"
                      >
                        https://cloudevents.io/test
                      </div>
                      <svg
                        class="ms-2 icon"
                        fill="none"
                        height="1em"
                        stroke="currentColor"
                        stroke-linecap="round"
                        stroke-linejoin="round"
                        stroke-width="2"
                        viewBox="0 0 24 24"
                        width="1em"
                        xmlns="http://www.w3.org/2000/svg"
                      >
                        <path
                          d="M18 13v6a2 2 0 0 1-2 2H5a2 2 0 0 1-2-2V8a2 2 0 0 1 2-2h6"
                        />
                        <polyline
                          points="15 3 21 3 21 9"
                        />
                        <line
                          x1="10"
                          x2="21"
                          y1="14"
                          y2="3"
                        />
                      </svg>
                    </div>
                  </a>
                </div>
              </div>
            </div>
          </div>
        </div>
      </div>
      <div
        aria-expanded="false"
        class="cursorDefault"
      >
        <div
          class="d-flex flex-row align-items-center link"
        >
          <svg
            class="icon"
            fill="currentColor"
            height="1em"
            stroke="currentColor"
            stroke-width="0"
            viewBox="0 0 512 512"
            width="1em"
            xmlns="http://www.w3.org/2000/svg"
          >
            <path
              d="M256 48C141.13 48 48 141.13 48 256s93.13 208 208 208 208-93.13 208-208S370.87 48 256 48z"
              fill="none"
              stroke-miterlimit="10"
              stroke-width="32"
            />
            <path
              d="M256 48c-58.07 0-112.67 93.13-112.67 208S197.93 464 256 464s112.67-93.13 112.67-208S314.07 48 256 48z"
              fill="none"
              stroke-miterlimit="10"
              stroke-width="32"
            />
            <path
              d="M117.33 117.33c38.24 27.15 86.38 43.34 138.67 43.34s100.43-16.19 138.67-43.34m0 277.34c-38.24-27.15-86.38-43.34-138.67-43.34s-100.43 16.19-138.67 43.34"
              fill="none"
              stroke-linecap="round"
              stroke-linejoin="round"
              stroke-width="32"
            />
            <path
              d="M256 48v416m208-208H48"
              fill="none"
              stroke-miterlimit="10"
              stroke-width="32"
            />
          </svg>
          <div
            class="ms-1"
          >
            Websites
          </div>
        </div>
      </div>
    </div>
  </div>
</DocumentFragment>
`;
